
> build
> vite build

[36mvite v7.3.5 [32mbuilding client environment for production...[36m[39m
transforming...
[33m../../../C:/PROJET3/orderly-eats/node_modules/@tanstack/react-start-client/dist/esm/index.js (1:0): Module level directives cause errors when bundled, "use client" in "../../../C:/PROJET3/orderly-eats/node_modules/@tanstack/react-start-client/dist/esm/index.js" was ignored.[39m
[33m../../../C:/PROJET3/orderly-eats/node_modules/@tanstack/react-router/dist/esm/index.js (1:0): Module level directives cause errors when bundled, "use client" in "../../../C:/PROJET3/orderly-eats/node_modules/@tanstack/react-router/dist/esm/index.js" was ignored.[39m
[33m../../../C:/PROJET3/orderly-eats/node_modules/@tanstack/react-router/dist/esm/utils.js (1:0): Module level directives cause errors when bundled, "use client" in "../../../C:/PROJET3/orderly-eats/node_modules/@tanstack/react-router/dist/esm/utils.js" was ignored.[39m
[33m../../../C:/PROJET3/orderly-eats/node_modules/@tanstack/react-router/dist/esm/ClientOnly.js (1:0): Module level directives cause errors when bundled, "use client" in "../../../C:/PROJET3/orderly-eats/node_modules/@tanstack/react-router/dist/esm/ClientOnly.js" was ignored.[39m
[33m../../../C:/PROJET3/orderly-eats/node_modules/@tanstack/react-router/dist/esm/useNavigate.js (1:0): Module level directives cause errors when bundled, "use client" in "../../../C:/PROJET3/orderly-eats/node_modules/@tanstack/react-router/dist/esm/useNavigate.js" was ignored.[39m
[33m../../../C:/PROJET3/orderly-eats/node_modules/@tanstack/react-router/dist/esm/RouterProvider.js (1:0): Module level directives cause errors when bundled, "use client" in "../../../C:/PROJET3/orderly-eats/node_modules/@tanstack/react-router/dist/esm/RouterProvider.js" was ignored.[39m
[33m../../../C:/PROJET3/orderly-eats/node_modules/@tanstack/react-router/dist/esm/useBlocker.js (1:0): Module level directives cause errors when bundled, "use client" in "../../../C:/PROJET3/orderly-eats/node_modules/@tanstack/react-router/dist/esm/useBlocker.js" was ignored.[39m
[33m../../../C:/PROJET3/orderly-eats/node_modules/@tanstack/react-router/dist/esm/useRouterState.js (1:0): Module level directives cause errors when bundled, "use client" in "../../../C:/PROJET3/orderly-eats/node_modules/@tanstack/react-router/dist/esm/useRouterState.js" was ignored.[39m
[33m../../../C:/PROJET3/orderly-eats/node_modules/@tanstack/react-router/dist/esm/useLocation.js (1:0): Module level directives cause errors when bundled, "use client" in "../../../C:/PROJET3/orderly-eats/node_modules/@tanstack/react-router/dist/esm/useLocation.js" was ignored.[39m
[33m../../../C:/PROJET3/orderly-eats/node_modules/@tanstack/react-router/dist/esm/HeadContent.js (1:0): Module level directives cause errors when bundled, "use client" in "../../../C:/PROJET3/orderly-eats/node_modules/@tanstack/react-router/dist/esm/HeadContent.js" was ignored.[39m
[33m../../../C:/PROJET3/orderly-eats/node_modules/@tanstack/react-router/dist/esm/CatchBoundary.js (1:0): Module level directives cause errors when bundled, "use client" in "../../../C:/PROJET3/orderly-eats/node_modules/@tanstack/react-router/dist/esm/CatchBoundary.js" was ignored.[39m
[33m../../../C:/PROJET3/orderly-eats/node_modules/@tanstack/react-router/dist/esm/useMatch.js (1:0): Module level directives cause errors when bundled, "use client" in "../../../C:/PROJET3/orderly-eats/node_modules/@tanstack/react-router/dist/esm/useMatch.js" was ignored.[39m
[33m../../../C:/PROJET3/orderly-eats/node_modules/@tanstack/react-router/dist/esm/useRouter.js (1:0): Module level directives cause errors when bundled, "use client" in "../../../C:/PROJET3/orderly-eats/node_modules/@tanstack/react-router/dist/esm/useRouter.js" was ignored.[39m
[33m../../../C:/PROJET3/orderly-eats/node_modules/@tanstack/react-router/dist/esm/Asset.js (1:0): Module level directives cause errors when bundled, "use client" in "../../../C:/PROJET3/orderly-eats/node_modules/@tanstack/react-router/dist/esm/Asset.js" was ignored.[39m
[33m../../../C:/PROJET3/orderly-eats/node_modules/@tanstack/react-router/dist/esm/Matches.js (1:0): Module level directives cause errors when bundled, "use client" in "../../../C:/PROJET3/orderly-eats/node_modules/@tanstack/react-router/dist/esm/Matches.js" was ignored.[39m
[33m../../../C:/PROJET3/orderly-eats/node_modules/@tanstack/react-router/dist/esm/link.js (1:0): Module level directives cause errors when bundled, "use client" in "../../../C:/PROJET3/orderly-eats/node_modules/@tanstack/react-router/dist/esm/link.js" was ignored.[39m
[33m../../../C:/PROJET3/orderly-eats/node_modules/@tanstack/react-router/dist/esm/Match.js (1:0): Module level directives cause errors when bundled, "use client" in "../../../C:/PROJET3/orderly-eats/node_modules/@tanstack/react-router/dist/esm/Match.js" was ignored.[39m
[33m../../../C:/PROJET3/orderly-eats/node_modules/@tanstack/react-router/dist/esm/routerContext.js (1:0): Module level directives cause errors when bundled, "use client" in "../../../C:/PROJET3/orderly-eats/node_modules/@tanstack/react-router/dist/esm/routerContext.js" was ignored.[39m
[33m../../../C:/PROJET3/orderly-eats/node_modules/@tanstack/react-router/dist/esm/matchContext.js (1:0): Module level directives cause errors when bundled, "use client" in "../../../C:/PROJET3/orderly-eats/node_modules/@tanstack/react-router/dist/esm/matchContext.js" was ignored.[39m
[33m../../../C:/PROJET3/orderly-eats/node_modules/@tanstack/react-router/dist/esm/Transitioner.js (1:0): Module level directives cause errors when bundled, "use client" in "../../../C:/PROJET3/orderly-eats/node_modules/@tanstack/react-router/dist/esm/Transitioner.js" was ignored.[39m
[33m../../../C:/PROJET3/orderly-eats/node_modules/@tanstack/react-query/build/modern/useQuery.js (1:0): Module level directives cause errors when bundled, "use client" in "../../../C:/PROJET3/orderly-eats/node_modules/@tanstack/react-query/build/modern/useQuery.js" was ignored.[39m
[33m../../../C:/PROJET3/orderly-eats/node_modules/@tanstack/react-start-client/dist/esm/Hydrate.js (1:0): Module level directives cause errors when bundled, "use client" in "../../../C:/PROJET3/orderly-eats/node_modules/@tanstack/react-start-client/dist/esm/Hydrate.js" was ignored.[39m
[33m../../../C:/PROJET3/orderly-eats/node_modules/@tanstack/react-query/build/modern/useQueries.js (1:0): Module level directives cause errors when bundled, "use client" in "../../../C:/PROJET3/orderly-eats/node_modules/@tanstack/react-query/build/modern/useQueries.js" was ignored.[39m
[33m../../../C:/PROJET3/orderly-eats/node_modules/@tanstack/react-query/build/modern/QueryClientProvider.js (1:0): Module level directives cause errors when bundled, "use client" in "../../../C:/PROJET3/orderly-eats/node_modules/@tanstack/react-query/build/modern/QueryClientProvider.js" was ignored.[39m
[33m../../../C:/PROJET3/orderly-eats/node_modules/@tanstack/react-query/build/modern/QueryErrorResetBoundary.js (1:0): Module level directives cause errors when bundled, "use client" in "../../../C:/PROJET3/orderly-eats/node_modules/@tanstack/react-query/build/modern/QueryErrorResetBoundary.js" was ignored.[39m
[33m../../../C:/PROJET3/orderly-eats/node_modules/@tanstack/react-query/build/modern/HydrationBoundary.js (1:0): Module level directives cause errors when bundled, "use client" in "../../../C:/PROJET3/orderly-eats/node_modules/@tanstack/react-query/build/modern/HydrationBoundary.js" was ignored.[39m
[33m../../../C:/PROJET3/orderly-eats/node_modules/@tanstack/react-query/build/modern/useIsFetching.js (1:0): Module level directives cause errors when bundled, "use client" in "../../../C:/PROJET3/orderly-eats/node_modules/@tanstack/react-query/build/modern/useIsFetching.js" was ignored.[39m
[33m../../../C:/PROJET3/orderly-eats/node_modules/@tanstack/react-query/build/modern/useMutation.js (1:0): Module level directives cause errors when bundled, "use client" in "../../../C:/PROJET3/orderly-eats/node_modules/@tanstack/react-query/build/modern/useMutation.js" was ignored.[39m
[33m../../../C:/PROJET3/orderly-eats/node_modules/@tanstack/react-query/build/modern/useMutationState.js (1:0): Module level directives cause errors when bundled, "use client" in "../../../C:/PROJET3/orderly-eats/node_modules/@tanstack/react-query/build/modern/useMutationState.js" was ignored.[39m
[33m../../../C:/PROJET3/orderly-eats/node_modules/@tanstack/react-query/build/modern/useInfiniteQuery.js (1:0): Module level directives cause errors when bundled, "use client" in "../../../C:/PROJET3/orderly-eats/node_modules/@tanstack/react-query/build/modern/useInfiniteQuery.js" was ignored.[39m
[33m../../../C:/PROJET3/orderly-eats/node_modules/@tanstack/react-query/build/modern/IsRestoringProvider.js (1:0): Module level directives cause errors when bundled, "use client" in "../../../C:/PROJET3/orderly-eats/node_modules/@tanstack/react-query/build/modern/IsRestoringProvider.js" was ignored.[39m
[33m../../../C:/PROJET3/orderly-eats/node_modules/@tanstack/react-query/build/modern/useSuspenseQuery.js (1:0): Module level directives cause errors when bundled, "use client" in "../../../C:/PROJET3/orderly-eats/node_modules/@tanstack/react-query/build/modern/useSuspenseQuery.js" was ignored.[39m
[33m../../../C:/PROJET3/orderly-eats/node_modules/@tanstack/react-query/build/modern/useSuspenseQueries.js (1:0): Module level directives cause errors when bundled, "use client" in "../../../C:/PROJET3/orderly-eats/node_modules/@tanstack/react-query/build/modern/useSuspenseQueries.js" was ignored.[39m
[33m../../../C:/PROJET3/orderly-eats/node_modules/@tanstack/react-query/build/modern/useSuspenseInfiniteQuery.js (1:0): Module level directives cause errors when bundled, "use client" in "../../../C:/PROJET3/orderly-eats/node_modules/@tanstack/react-query/build/modern/useSuspenseInfiniteQuery.js" was ignored.[39m
[33m../../../C:/PROJET3/orderly-eats/node_modules/@tanstack/react-query/build/modern/errorBoundaryUtils.js (1:0): Module level directives cause errors when bundled, "use client" in "../../../C:/PROJET3/orderly-eats/node_modules/@tanstack/react-query/build/modern/errorBoundaryUtils.js" was ignored.[39m
[33m[plugin tanstack-start-core::server-fn:client] ../../../C:/PROJET3/orderly-eats/src/lib/api/order.functions.ts: C:/PROJET3/orderly-eats/src/lib/api/order.functions.ts:10:27 createServerFn().inputValidator() is deprecated. Use createServerFn().validator() instead.[39m
[33m[plugin tanstack-start-core::server-fn:client] ../../../C:/PROJET3/orderly-eats/src/lib/api/order.functions.ts: C:/PROJET3/orderly-eats/src/lib/api/order.functions.ts:41:29 createServerFn().inputValidator() is deprecated. Use createServerFn().validator() instead.[39m
[33m[plugin tanstack-start-core::server-fn:client] ../../../C:/PROJET3/orderly-eats/src/lib/api/order.functions.ts: C:/PROJET3/orderly-eats/src/lib/api/order.functions.ts:53:35 createServerFn().inputValidator() is deprecated. Use createServerFn().validator() instead.[39m
[33m../../../C:/PROJET3/orderly-eats/node_modules/@tanstack/react-query/build/modern/useBaseQuery.js (1:0): Module level directives cause errors when bundled, "use client" in "../../../C:/PROJET3/orderly-eats/node_modules/@tanstack/react-query/build/modern/useBaseQuery.js" was ignored.[39m
[33m../../../C:/PROJET3/orderly-eats/node_modules/sonner/dist/index.mjs (1:0): Module level directives cause errors when bundled, "use client" in "../../../C:/PROJET3/orderly-eats/node_modules/sonner/dist/index.mjs" was ignored.[39m
[32m✓[39m 1931 modules transformed.
rendering chunks...
computing gzip size...
[2mdist/client/[22m[32massets/hero-feast-DsvPt7G3.jpg  [39m[1m[2m405.30 kB[22m[1m[22m
[2mdist/client/[22m[35massets/styles-Cuvtn4iN.css      [39m[1m[2m 39.96 kB[22m[1m[22m[2m │ gzip:   8.62 kB[22m
[2mdist/client/[22m[36massets/index-CPL7j84L.js        [39m[1m[2m499.61 kB[22m[1m[22m[2m │ gzip: 149.92 kB[22m
[32m✓ built in 3.54s[39m
[36mvite v7.3.5 [32mbuilding ssr environment for production...[36m[39m
transforming...
[33m[plugin tanstack-start-core::server-fn:ssr] ../../../C:/PROJET3/orderly-eats/src/lib/api/order.functions.ts?tss-serverfn-split: C:/PROJET3/orderly-eats/src/lib/api/order.functions.ts?tss-serverfn-split:10:27 createServerFn().inputValidator() is deprecated. Use createServerFn().validator() instead.[39m
[33m[plugin tanstack-start-core::server-fn:ssr] ../../../C:/PROJET3/orderly-eats/src/lib/api/order.functions.ts?tss-serverfn-split: C:/PROJET3/orderly-eats/src/lib/api/order.functions.ts?tss-serverfn-split:41:29 createServerFn().inputValidator() is deprecated. Use createServerFn().validator() instead.[39m
[33m[plugin tanstack-start-core::server-fn:ssr] ../../../C:/PROJET3/orderly-eats/src/lib/api/order.functions.ts?tss-serverfn-split: C:/PROJET3/orderly-eats/src/lib/api/order.functions.ts?tss-serverfn-split:53:35 createServerFn().inputValidator() is deprecated. Use createServerFn().validator() instead.[39m
[33m../../../C:/PROJET3/orderly-eats/node_modules/@tanstack/react-start-client/dist/esm/Hydrate.js (1:0): Module level directives cause errors when bundled, "use client" in "../../../C:/PROJET3/orderly-eats/node_modules/@tanstack/react-start-client/dist/esm/Hydrate.js" was ignored.[39m
[33m[plugin tanstack-start-core::server-fn:ssr] ../../../C:/PROJET3/orderly-eats/src/lib/api/order.functions.ts: C:/PROJET3/orderly-eats/src/lib/api/order.functions.ts:10:27 createServerFn().inputValidator() is deprecated. Use createServerFn().validator() instead.[39m
[33m[plugin tanstack-start-core::server-fn:ssr] ../../../C:/PROJET3/orderly-eats/src/lib/api/order.functions.ts: C:/PROJET3/orderly-eats/src/lib/api/order.functions.ts:41:29 createServerFn().inputValidator() is deprecated. Use createServerFn().validator() instead.[39m
[33m[plugin tanstack-start-core::server-fn:ssr] ../../../C:/PROJET3/orderly-eats/src/lib/api/order.functions.ts: C:/PROJET3/orderly-eats/src/lib/api/order.functions.ts:53:35 createServerFn().inputValidator() is deprecated. Use createServerFn().validator() instead.[39m
[33m"createRequestHandler", "defineHandlerCallback", "transformPipeableStreamWithRouter" and "transformReadableStreamWithRouter" are imported from external module "@tanstack/router-core/ssr/server" but never used in "../../../C:/PROJET3/orderly-eats/node_modules/@tanstack/start-server-core/dist/esm/index.js".[39m
[33m"RawStream" is imported from external module "@tanstack/router-core" but never used in "../../../C:/PROJET3/orderly-eats/node_modules/@tanstack/start-client-core/dist/esm/index.js".[39m
[33m"hydrate" and "json" are imported from external module "@tanstack/router-core/ssr/client" but never used in "../../../C:/PROJET3/orderly-eats/node_modules/@tanstack/start-client-core/dist/esm/index.js".[39m
[32m✓[39m 81 modules transformed.
rendering chunks...
[2mdist/server/[22m[36massets/empty-plugin-adapters-BFgPZ6_d.js       [39m[1m[2m 0.13 kB[22m[1m[22m
[2mdist/server/[22m[36massets/_tanstack-start-manifest_v-Wx4Ud3xv.js  [39m[1m[2m 0.37 kB[22m[1m[22m
[2mdist/server/[22m[36massets/start-CSVwGURQ.js                       [39m[1m[2m 1.71 kB[22m[1m[22m
[2mdist/server/[22m[36mserver.js                                      [39m[1m[2m 3.34 kB[22m[1m[22m
[2mdist/server/[22m[36massets/order.functions-CjgUiTaP.js             [39m[1m[2m10.38 kB[22m[1m[22m
[2mdist/server/[22m[36massets/server-C7ywy8TL.js                      [39m[1m[2m65.97 kB[22m[1m[22m
[2mdist/server/[22m[36massets/router-D-fvcgpN.js                      [39m[1m[2m92.00 kB[22m[1m[22m
[32m✓ built in 427ms[39m
